2025-11-13 HH:47:42 [INFO] default - 已设置数据库定时备份任务: 每两小时执行一次

2025-11-13 HH:47:42 [INFO] default - 数据库备份成功: D:\backup\kami_20251113.db

2025-11-13 HH:47:42 [INFO] default - 服务器运行在 http://0.0.0.0:29477

2025-11-13 HH:47:42 [INFO] default - 已连接到SQLite数据库

2025-11-13 HH:47:42 [INFO] default - 卡密表已准备好

2025-11-13 HH:47:42 [INFO] default - 账号与cookie关系表已准备好

2025-11-13 HH:47:42 [INFO] default - kami与cookie关系表已准备好

2025-11-13 HH:47:42 [INFO] default - 公告表已准备好

2025-11-13 HH:47:42 [INFO] default - 域名表已准备好

2025-11-13 HH:47:42 [INFO] default - 选择器表已准备好

2025-11-13 HH:47:42 [INFO] default - 卡密机器码表已准备好

2025-11-13 HH:48:12 [INFO] default - 登录成功 - IP: 127.0.0.1

2025-11-13 HH:48:26 [INFO] default - 服务器正在关闭...

2025-11-13 HH:48:28 [INFO] default - 已设置数据库定时备份任务: 每两小时执行一次

2025-11-13 HH:48:28 [INFO] default - 数据库备份成功: D:\backup\kami_20251113.db

2025-11-13 HH:48:28 [INFO] default - 服务器运行在 http://0.0.0.0:29477

2025-11-13 HH:48:28 [INFO] default - 已连接到SQLite数据库

2025-11-13 HH:48:28 [INFO] default - 卡密表已准备好

2025-11-13 HH:48:28 [INFO] default - 账号与cookie关系表已准备好

2025-11-13 HH:48:28 [INFO] default - kami与cookie关系表已准备好

2025-11-13 HH:48:28 [INFO] default - 公告表已准备好

2025-11-13 HH:48:28 [INFO] default - 域名表已准备好

2025-11-13 HH:48:28 [INFO] default - 选择器表已准备好

2025-11-13 HH:48:28 [INFO] default - 卡密机器码表已准备好

2025-11-13 HH:50:44 [INFO] default - 服务器正在关闭...

2025-11-13 HH:50:46 [INFO] default - 已设置数据库定时备份任务: 每两小时执行一次

2025-11-13 HH:50:46 [INFO] default - 数据库备份成功: D:\backup\kami_20251113.db

2025-11-13 HH:50:46 [INFO] default - 服务器运行在 http://0.0.0.0:29477

2025-11-13 HH:50:46 [INFO] default - 已连接到SQLite数据库

2025-11-13 HH:50:46 [INFO] default - 卡密表已准备好

2025-11-13 HH:50:46 [INFO] default - 域名表已准备好

2025-11-13 HH:50:46 [INFO] default - kami与cookie关系表已准备好

2025-11-13 HH:50:46 [INFO] default - 公告表已准备好

2025-11-13 HH:50:46 [INFO] default - 卡密机器码表已准备好

2025-11-13 HH:50:46 [INFO] default - 选择器表已准备好

2025-11-13 HH:50:46 [INFO] default - 账号与cookie关系表已准备好

2025-11-13 HH:51:42 [INFO] default - 服务器正在关闭...

2025-11-13 HH:51:45 [INFO] default - 已设置数据库定时备份任务: 每两小时执行一次

2025-11-13 HH:51:45 [INFO] default - 数据库备份成功: D:\backup\kami_20251113.db

2025-11-13 HH:51:45 [INFO] default - 服务器运行在 http://0.0.0.0:29477

2025-11-13 HH:51:45 [INFO] default - 已连接到SQLite数据库

2025-11-13 HH:51:45 [INFO] default - 卡密表已准备好

2025-11-13 HH:51:45 [INFO] default - 账号与cookie关系表已准备好

2025-11-13 HH:51:45 [INFO] default - kami与cookie关系表已准备好

2025-11-13 HH:51:45 [INFO] default - 公告表已准备好

2025-11-13 HH:51:45 [INFO] default - 域名表已准备好

2025-11-13 HH:51:45 [INFO] default - 选择器表已准备好

2025-11-13 HH:51:45 [INFO] default - 卡密机器码表已准备好

2025-11-13 HH:52:21 [INFO] default - 服务器正在关闭...

2025-11-13 HH:52:24 [INFO] default - 已设置数据库定时备份任务: 每两小时执行一次

2025-11-13 HH:52:24 [INFO] default - 数据库备份成功: D:\backup\kami_20251113.db

2025-11-13 HH:52:24 [INFO] default - 服务器运行在 http://0.0.0.0:29477

2025-11-13 HH:52:24 [INFO] default - 已连接到SQLite数据库

2025-11-13 HH:52:24 [INFO] default - 卡密表已准备好

2025-11-13 HH:52:24 [INFO] default - 域名表已准备好

2025-11-13 HH:52:24 [INFO] default - 选择器表已准备好

2025-11-13 HH:52:24 [INFO] default - 卡密机器码表已准备好

2025-11-13 HH:52:24 [INFO] default - 账号与cookie关系表已准备好

2025-11-13 HH:52:24 [INFO] default - kami与cookie关系表已准备好

2025-11-13 HH:52:24 [INFO] default - 公告表已准备好

2025-11-13 HH:53:30 [INFO] default - 服务器正在关闭...

2025-11-13 HH:53:58 [INFO] default - 已设置数据库定时备份任务: 每两小时执行一次

2025-11-13 HH:53:58 [INFO] default - 数据库备份成功: D:\backup\kami_20251113.db

2025-11-13 HH:53:58 [INFO] default - 服务器运行在 http://0.0.0.0:29477

2025-11-13 HH:53:58 [INFO] default - 已连接到SQLite数据库

2025-11-13 HH:53:58 [INFO] default - 卡密表已准备好

2025-11-13 HH:53:58 [INFO] default - 账号与cookie关系表已准备好

2025-11-13 HH:53:58 [INFO] default - kami与cookie关系表已准备好

2025-11-13 HH:53:58 [INFO] default - 公告表已准备好

2025-11-13 HH:53:58 [INFO] default - 域名表已准备好

2025-11-13 HH:53:58 [INFO] default - 选择器表已准备好

2025-11-13 HH:53:58 [INFO] default - 卡密机器码表已准备好

2025-11-13 HH:54:16 [INFO] default - 服务器正在关闭...

2025-11-13 HH:55:23 [INFO] default - 已设置数据库定时备份任务: 每两小时执行一次

2025-11-13 HH:55:23 [INFO] default - 数据库备份成功: D:\backup\kami_20251113.db

2025-11-13 HH:55:23 [INFO] default - 服务器运行在 http://0.0.0.0:29477

2025-11-13 HH:55:23 [INFO] default - 已连接到SQLite数据库

2025-11-13 HH:55:23 [INFO] default - 卡密表已准备好

2025-11-13 HH:55:23 [INFO] default - 账号与cookie关系表已准备好

2025-11-13 HH:55:23 [INFO] default - kami与cookie关系表已准备好

2025-11-13 HH:55:23 [INFO] default - 公告表已准备好

2025-11-13 HH:55:23 [INFO] default - 域名表已准备好

2025-11-13 HH:55:23 [INFO] default - 选择器表已准备好

2025-11-13 HH:55:23 [INFO] default - 卡密机器码表已准备好

